// Vitest Snapshot v1, https://vitest.dev/guide/snapshot.html

exports[`App unit test > should pass 1`] = `
<div>
  <div
    class="MuiPaper-root MuiPaper-elevation MuiPaper-rounded MuiPaper-elevation1 css-znyx2w-MuiPaper-root"
  >
    testing
  </div>
  <div>
    <a
      href="https://vitejs.dev"
      target="_blank"
    >
      <img
        alt="Vite logo"
        class="logo"
        src="/vite.svg"
      />
    </a>
    <a
      href="https://react.dev"
      target="_blank"
    >
      <img
        alt="React logo"
        class="logo react"
        src="/src/assets/react.svg"
      />
    </a>
  </div>
  <h1>
    Vite + React
  </h1>
  <div
    class="card"
  >
    <p
      class="MuiTypography-root MuiTypography-body1 css-1fwhrvi-MuiTypography-root"
    >
      Hello world a
    </p>
    <button
      class="MuiButtonBase-root MuiButton-root MuiButton-outlined MuiButton-outlinedPrimary MuiButton-sizeMedium MuiButton-outlinedSizeMedium MuiButton-colorPrimary MuiButton-root MuiButton-outlined MuiButton-outlinedPrimary MuiButton-sizeMedium MuiButton-outlinedSizeMedium MuiButton-colorPrimary css-dwnzdl-MuiButtonBase-root-MuiButton-root"
      tabindex="0"
      type="button"
    >
      Click me
      <span
        class="MuiTouchRipple-root css-8je8zh-MuiTouchRipple-root"
      />
    </button>
    <button>
      count is 
      0
    </button>
    <p>
      Edit 
      <code>
        src/App.tsx
      </code>
       and save to test HMR
    </p>
  </div>
  <p
    class="read-the-docs"
  >
    Click on the Vite and React logos to learn more
  </p>
</div>
`;

exports[`App unit test > should pass snapshot 1`] = `
<div>
  <div
    class="MuiPaper-root MuiPaper-elevation MuiPaper-rounded MuiPaper-elevation1 css-znyx2w-MuiPaper-root"
  >
    testing
  </div>
  <div>
    <a
      href="https://vitejs.dev"
      target="_blank"
    >
      <img
        alt="Vite logo"
        class="logo"
        src="/vite.svg"
      />
    </a>
    <a
      href="https://react.dev"
      target="_blank"
    >
      <img
        alt="React logo"
        class="logo react"
        src="/src/assets/react.svg"
      />
    </a>
  </div>
  <h1>
    Vite + React
  </h1>
  <div
    class="card"
  >
    <p
      class="MuiTypography-root MuiTypography-body1 css-1fwhrvi-MuiTypography-root"
    >
      Hello world a
    </p>
    <button
      class="MuiButtonBase-root MuiButton-root MuiButton-outlined MuiButton-outlinedPrimary MuiButton-sizeMedium MuiButton-outlinedSizeMedium MuiButton-colorPrimary MuiButton-root MuiButton-outlined MuiButton-outlinedPrimary MuiButton-sizeMedium MuiButton-outlinedSizeMedium MuiButton-colorPrimary css-dwnzdl-MuiButtonBase-root-MuiButton-root"
      tabindex="0"
      type="button"
    >
      Click me
      <span
        class="MuiTouchRipple-root css-8je8zh-MuiTouchRipple-root"
      />
    </button>
    <button>
      count is 
      0
    </button>
    <p>
      Edit 
      <code>
        src/App.tsx
      </code>
       and save to test HMR
    </p>
  </div>
  <p
    class="read-the-docs"
  >
    Click on the Vite and React logos to learn more
  </p>
</div>
`;
